2026-02-20 08:09:56,347 [INFO] [upload_results_batch] txt path: V:\FWD\Underseal\Data\2023\todo\ready\12182025_update\D2502140378\LL-9378 SR-14\10.75_ HMA.txt
2026-02-20 08:09:56,349 [INFO] [upload_results_batch] Error log is saved in: V:\FWD\Underseal\Data\2023\todo\ready\12182025_update\D2502140378\LL-9378 SR-14\10.75_ HMA_error_log.txt
2026-02-20 08:09:56,381 [INFO] [upload_results_batch] ============================================================
2026-02-20 08:09:56,414 [INFO] [upload_results_batch] RUN STARTED: 2026-02-20 08:09:56
2026-02-20 08:09:56,432 [INFO] [upload_results_batch] txt_path: V:\FWD\Underseal\Data\2023\todo\ready\12182025_update\D2502140378\LL-9378 SR-14\10.75_ HMA.txt
2026-02-20 08:09:56,450 [INFO] [upload_results_batch] args: {'gen_report': True, 'pavtype_special_case': False, 'server_root': '\\\\dotwebp016vw/data/FWD/', 'dev_env': 'shin', 'skip_img_matching': False, 'txt_path': 'V:\\FWD\\Underseal\\Data\\2023\\todo\\ready\\12182025_update\\D2502140378\\LL-9378 SR-14\\10.75_ HMA.txt', 'gui': False, 'user_input': False}
2026-02-20 08:09:56,463 [INFO] [upload_results_batch] Connecting to Oracle database (dev_env=shin)...
2026-02-20 08:09:57,359 [INFO] [upload_results_batch] Oracle connected OK
2026-02-20 08:09:57,400 [INFO] [upload_results_batch] Read 2 lines from txt file
2026-02-20 08:09:57,416 [INFO] [upload_results_batch] [1/2] Processing: SR-14 EB RP-110+27 to RP-118+58 DL.F25 (LL-9378, year=2025, req=D2502140378)
2026-02-20 08:09:57,416 [INFO] [upload_results_batch]   upload_single_result starting...
2026-02-20 08:09:57,416 [ERROR] [upload_results_batch]   EXCEPTION: name 'user_input_dict' is not defined
2026-02-20 08:09:57,416 [ERROR] [upload_results_batch]   Traceback (most recent call last):
  File "C:\Users\bshin\Documents\Underseal_new\new_underseal\upload_results_batch_f25only.py", line 317, in <module>
    upload_single_result(args, f25_path, ll_no, year, con, user_input_dict, commit=1)
NameError: name 'user_input_dict' is not defined

2026-02-20 08:20:22,499 [INFO] [upload_results_batch] txt path: V:\FWD\Underseal\Data\2023\todo\ready\12182025_update\D2502140378\LL-9378 SR-14\10.75_ HMA.txt
2026-02-20 08:20:22,500 [INFO] [upload_results_batch] Error log is saved in: V:\FWD\Underseal\Data\2023\todo\ready\12182025_update\D2502140378\LL-9378 SR-14\10.75_ HMA_error_log.txt
2026-02-20 08:20:22,517 [INFO] [upload_results_batch] Overwrite previous error log!!!
2026-02-20 08:20:22,867 [INFO] [upload_results_batch] ============================================================
2026-02-20 08:20:22,868 [INFO] [upload_results_batch] RUN STARTED: 2026-02-20 08:20:22
2026-02-20 08:20:22,868 [INFO] [upload_results_batch] txt_path: V:\FWD\Underseal\Data\2023\todo\ready\12182025_update\D2502140378\LL-9378 SR-14\10.75_ HMA.txt
2026-02-20 08:20:22,868 [INFO] [upload_results_batch] args: {'gen_report': True, 'pavtype_special_case': False, 'server_root': '\\\\dotwebp016vw/data/FWD/', 'dev_env': 'shin', 'skip_img_matching': False, 'txt_path': 'V:\\FWD\\Underseal\\Data\\2023\\todo\\ready\\12182025_update\\D2502140378\\LL-9378 SR-14\\10.75_ HMA.txt', 'gui': False, 'user_input': False}
2026-02-20 08:20:22,869 [INFO] [upload_results_batch] Connecting to Oracle database (dev_env=shin)...
2026-02-20 08:20:23,364 [INFO] [upload_results_batch] Oracle connected OK
2026-02-20 08:20:23,381 [INFO] [upload_results_batch] Read 2 lines from txt file
2026-02-20 08:20:23,398 [INFO] [upload_results_batch] [1/2] Processing: SR-14 EB RP-110+27 to RP-118+58 DL.F25 (LL-9378, year=2025, req=D2502140378)
2026-02-20 08:20:23,398 [INFO] [upload_results_batch]   upload_single_result starting...
2026-02-20 08:20:47,520 [ERROR] [upload_results_batch]   EXCEPTION: Access subprocess failed (returncode=3221226505).
stdout: 
stderr: 
DBQ: V:\FWD\Underseal\Data\2023\todo\ready\12182025_update\D2502140378\LL-9378 SR-14\SR-14 EB RP-110+27 to RP-118+58 DL.accdb
2026-02-20 08:20:47,521 [ERROR] [upload_results_batch]   Traceback (most recent call last):
  File "C:\Users\bshin\Documents\Underseal_new\new_underseal\upload_results_batch_f25only.py", line 318, in <module>
    upload_single_result(args, f25_path, ll_no, year, con, user_input_dict, commit=1)
  File "C:\Users\bshin\Documents\Underseal_new\new_underseal\upload_results_batch_f25only.py", line 114, in upload_single_result
    mde, roadtype, roadname, ll_obj = read_mde(con, mde_path, f25_path, id, ll_obj, gpsx, gpsy, gpsx_dict, gpsy_dict, args)
  File "C:\Users\bshin\Documents\Underseal_new\new_underseal\mde_entry.py", line 234, in read_mde
    tables = _access_connect(newpath)
  File "C:\Users\bshin\Documents\Underseal_new\new_underseal\mde_entry.py", line 180, in _access_connect
    raise Exception("Access subprocess failed (returncode={}).\nstdout: {}\nstderr: {}\nDBQ: {}".format(
Exception: Access subprocess failed (returncode=3221226505).
stdout: 
stderr: 
DBQ: V:\FWD\Underseal\Data\2023\todo\ready\12182025_update\D2502140378\LL-9378 SR-14\SR-14 EB RP-110+27 to RP-118+58 DL.accdb

2026-02-20 08:20:48,487 [WARNING] [upload_results_batch] Due to unexpected error, LL-9378 from year 2025 is deleted, rolling back...
2026-02-20 08:20:48,505 [INFO] [upload_results_batch] [2/2] Processing: SR-14 WB RP-110+27 to RP-118+58 DL.F25 (LL-9378, year=2025, req=D2502140378)
2026-02-20 08:20:48,505 [INFO] [upload_results_batch]   upload_single_result starting...
2026-02-20 08:21:13,511 [ERROR] [upload_results_batch]   EXCEPTION: Access subprocess failed (returncode=3221226505).
stdout: 
stderr: 
DBQ: V:\FWD\Underseal\Data\2023\todo\ready\12182025_update\D2502140378\LL-9378 SR-14\SR-14 WB RP-110+27 to RP-118+58 DL.accdb
2026-02-20 08:21:13,512 [ERROR] [upload_results_batch]   Traceback (most recent call last):
  File "C:\Users\bshin\Documents\Underseal_new\new_underseal\upload_results_batch_f25only.py", line 318, in <module>
    upload_single_result(args, f25_path, ll_no, year, con, user_input_dict, commit=1)
  File "C:\Users\bshin\Documents\Underseal_new\new_underseal\upload_results_batch_f25only.py", line 114, in upload_single_result
    mde, roadtype, roadname, ll_obj = read_mde(con, mde_path, f25_path, id, ll_obj, gpsx, gpsy, gpsx_dict, gpsy_dict, args)
  File "C:\Users\bshin\Documents\Underseal_new\new_underseal\mde_entry.py", line 234, in read_mde
    tables = _access_connect(newpath)
  File "C:\Users\bshin\Documents\Underseal_new\new_underseal\mde_entry.py", line 180, in _access_connect
    raise Exception("Access subprocess failed (returncode={}).\nstdout: {}\nstderr: {}\nDBQ: {}".format(
Exception: Access subprocess failed (returncode=3221226505).
stdout: 
stderr: 
DBQ: V:\FWD\Underseal\Data\2023\todo\ready\12182025_update\D2502140378\LL-9378 SR-14\SR-14 WB RP-110+27 to RP-118+58 DL.accdb

2026-02-20 08:21:13,956 [WARNING] [upload_results_batch] Due to unexpected error, LL-9378 from year 2025 is deleted, rolling back...
2026-02-20 08:21:13,973 [INFO] [upload_results_batch] Uploading finished!!!
2026-02-20 08:21:13,974 [WARNING] [upload_results_batch] Errors encountered during batch process but skipped.
2026-02-20 08:21:13,974 [WARNING] [upload_results_batch] Check the error log at: V:\FWD\Underseal\Data\2023\todo\ready\12182025_update\D2502140378\LL-9378 SR-14\10.75_ HMA_error_log.txt
2026-02-20 08:21:13,974 [INFO] [upload_results_batch] RUN ENDED: 2026-02-20 08:21:13
2026-02-20 08:21:13,974 [INFO] [upload_results_batch] ============================================================
2026-02-20 08:34:25,160 [INFO] [upload_results_batch] txt path: V:\FWD\Underseal\Data\2023\todo\ready\12182025_update\D2502140378\LL-9378 SR-14\10.75_ HMA.txt
2026-02-20 08:34:25,160 [INFO] [upload_results_batch] Error log is saved in: V:\FWD\Underseal\Data\2023\todo\ready\12182025_update\D2502140378\LL-9378 SR-14\10.75_ HMA_error_log.txt
2026-02-20 08:34:25,177 [INFO] [upload_results_batch] Overwrite previous error log!!!
2026-02-20 08:34:25,389 [INFO] [upload_results_batch] ============================================================
2026-02-20 08:34:25,389 [INFO] [upload_results_batch] RUN STARTED: 2026-02-20 08:34:25
2026-02-20 08:34:25,390 [INFO] [upload_results_batch] txt_path: V:\FWD\Underseal\Data\2023\todo\ready\12182025_update\D2502140378\LL-9378 SR-14\10.75_ HMA.txt
2026-02-20 08:34:25,390 [INFO] [upload_results_batch] args: {'gen_report': True, 'pavtype_special_case': False, 'server_root': '\\\\dotwebp016vw/data/FWD/', 'dev_env': 'shin', 'skip_img_matching': False, 'txt_path': 'V:\\FWD\\Underseal\\Data\\2023\\todo\\ready\\12182025_update\\D2502140378\\LL-9378 SR-14\\10.75_ HMA.txt', 'gui': False, 'user_input': False}
2026-02-20 08:34:25,391 [INFO] [upload_results_batch] Connecting to Oracle database (dev_env=shin)...
2026-02-20 08:34:25,830 [INFO] [upload_results_batch] Oracle connected OK
2026-02-20 08:34:25,851 [INFO] [upload_results_batch] Read 2 lines from txt file
2026-02-20 08:34:25,859 [INFO] [upload_results_batch] [1/2] Processing: SR-14 EB RP-110+27 to RP-118+58 DL.F25 (LL-9378, year=2025, req=D2502140378)
2026-02-20 08:34:25,860 [INFO] [upload_results_batch]   upload_single_result starting...
2026-02-20 08:34:32,219 [INFO] [match_images] Copying images ...
2026-02-20 08:35:00,664 [ERROR] [upload_results_batch]   EXCEPTION: [Errno 2] No such file or directory: 'V:\\FWD\\Underseal\\Data\\2023\\todo\\ready\\12182025_update\\D2502140378\\LL-9378 SR-14\\SR-14 EB RP-110+27 to RP-118+58 DL\\Cam1\\SR-14 EB RP-110+27 to RP-118+58 DL 013651.3 1.jpg'
2026-02-20 08:35:00,665 [ERROR] [upload_results_batch]   Traceback (most recent call last):
  File "C:\Users\bshin\Documents\Underseal_new\new_underseal\upload_results_batch_f25only.py", line 318, in <module>
    upload_single_result(args, f25_path, ll_no, year, con, user_input_dict, commit=1)
  File "C:\Users\bshin\Documents\Underseal_new\new_underseal\upload_results_batch_f25only.py", line 114, in upload_single_result
    mde, roadtype, roadname, ll_obj = read_mde(con, mde_path, f25_path, id, ll_obj, gpsx, gpsy, gpsx_dict, gpsy_dict, args)
  File "C:\Users\bshin\Documents\Underseal_new\new_underseal\mde_entry.py", line 263, in read_mde
    dmi_img_dict, img_dmi_dict, success_match, nomatch_message = match_image_chainage(f25_path, ll_obj, df, server_root)
  File "C:\Users\bshin\Documents\Underseal_new\new_underseal\match_images.py", line 53, in match_image_chainage
    shutil.copy(os.path.join(source_path,img_filename), os.path.join(dist_path,img_filename))
  File "C:\Users\bshin\Miniconda3\lib\shutil.py", line 427, in copy
    copyfile(src, dst, follow_symlinks=follow_symlinks)
  File "C:\Users\bshin\Miniconda3\lib\shutil.py", line 264, in copyfile
    with open(src, 'rb') as fsrc:
FileNotFoundError: [Errno 2] No such file or directory: 'V:\\FWD\\Underseal\\Data\\2023\\todo\\ready\\12182025_update\\D2502140378\\LL-9378 SR-14\\SR-14 EB RP-110+27 to RP-118+58 DL\\Cam1\\SR-14 EB RP-110+27 to RP-118+58 DL 013651.3 1.jpg'

2026-02-20 08:45:49,867 [INFO] [upload_results_batch] txt path: V:\FWD\Underseal\Data\2023\todo\ready\12182025_update\D2502140378\LL-9378 SR-14\10.75_ HMA.txt
2026-02-20 08:45:49,868 [INFO] [upload_results_batch] Error log is saved in: V:\FWD\Underseal\Data\2023\todo\ready\12182025_update\D2502140378\LL-9378 SR-14\10.75_ HMA_error_log.txt
2026-02-20 08:45:49,880 [INFO] [upload_results_batch] ============================================================
2026-02-20 08:45:49,880 [INFO] [upload_results_batch] RUN STARTED: 2026-02-20 08:45:49
2026-02-20 08:45:49,881 [INFO] [upload_results_batch] txt_path: V:\FWD\Underseal\Data\2023\todo\ready\12182025_update\D2502140378\LL-9378 SR-14\10.75_ HMA.txt
2026-02-20 08:45:49,882 [INFO] [upload_results_batch] args: {'gen_report': True, 'pavtype_special_case': False, 'server_root': '\\\\dotwebp016vw/data/FWD/', 'dev_env': 'shin', 'skip_img_matching': False, 'txt_path': 'V:\\FWD\\Underseal\\Data\\2023\\todo\\ready\\12182025_update\\D2502140378\\LL-9378 SR-14\\10.75_ HMA.txt', 'gui': False, 'user_input': False}
2026-02-20 08:45:49,882 [INFO] [upload_results_batch] Connecting to Oracle database (dev_env=shin)...
2026-02-20 08:45:50,412 [INFO] [upload_results_batch] Oracle connected OK
2026-02-20 08:45:50,432 [INFO] [upload_results_batch] Read 2 lines from txt file
2026-02-20 08:45:50,442 [INFO] [upload_results_batch] [1/2] Processing: SR-14 EB RP-110+27 to RP-118+58 DL.F25 (LL-9378, year=2025, req=D2502140378)
2026-02-20 08:45:50,444 [INFO] [upload_results_batch]   upload_single_result starting...
2026-02-20 08:45:53,659 [ERROR] [upload_results_batch]   EXCEPTION: INSERT INTO stda_LONGLIST
    VALUES (NULL,9378, 
    '2025', 
    'EB',
    'DL',
    'asphalt',
    'SR-14 EB RP-110+27 to RP-118+58 DL', 
    'SR-14 EB RP-110+27 to RP-118+58 DL.docx', 
    41.07762, 
    41.07374791, 
    -85.468103, 
    -85.31400182, 
    -1, NULL, -1, NULL)
2026-02-20 08:45:53,659 [ERROR] [upload_results_batch]   Traceback (most recent call last):
  File "C:\Users\bshin\Documents\Underseal_new\new_underseal\ll_query.py", line 142, in ll_query
    cursor.execute(sqlstr)
cx_Oracle.IntegrityError: ORA-00001: unique constraint (STDA.UNIQUE_STDA_LONGLIST) violated

During handling of the above exception, another exception occurred:

Traceback (most recent call last):
  File "C:\Users\bshin\Documents\Underseal_new\new_underseal\upload_results_batch_f25only.py", line 318, in <module>
    upload_single_result(args, f25_path, ll_no, year, con, user_input_dict, commit=1)
  File "C:\Users\bshin\Documents\Underseal_new\new_underseal\upload_results_batch_f25only.py", line 103, in upload_single_result
    id,dir,lane_type = ll_query(con, ll_no, f25_path, year, start_gps, end_gps, pavtype, args, user_input_dict, commit=1)
  File "C:\Users\bshin\Documents\Underseal_new\new_underseal\ll_query.py", line 144, in ll_query
    raise Exception(sqlstr)
Exception: INSERT INTO stda_LONGLIST
    VALUES (NULL,9378, 
    '2025', 
    'EB',
    'DL',
    'asphalt',
    'SR-14 EB RP-110+27 to RP-118+58 DL', 
    'SR-14 EB RP-110+27 to RP-118+58 DL.docx', 
    41.07762, 
    41.07374791, 
    -85.468103, 
    -85.31400182, 
    -1, NULL, -1, NULL)

2026-02-20 08:45:53,660 [WARNING] [upload_results_batch] Repeat entry of 9378-2025, this input is ignored...
2026-02-20 08:45:53,666 [INFO] [upload_results_batch] [2/2] Processing: SR-14 WB RP-110+27 to RP-118+58 DL.F25 (LL-9378, year=2025, req=D2502140378)
2026-02-20 08:45:53,666 [INFO] [upload_results_batch]   upload_single_result starting...
2026-02-20 08:46:00,389 [INFO] [match_images] Copying images ...
2026-02-20 08:46:55,546 [INFO] [upload_results_batch] Report generation: True
2026-02-20 08:47:00,118 [INFO] [upload_results_batch]   upload_single_result completed OK
2026-02-20 08:47:00,124 [INFO] [upload_results_batch] Uploading finished!!!
2026-02-20 08:47:00,127 [WARNING] [upload_results_batch] Errors encountered during batch process but skipped.
2026-02-20 08:47:00,150 [WARNING] [upload_results_batch] Check the error log at: V:\FWD\Underseal\Data\2023\todo\ready\12182025_update\D2502140378\LL-9378 SR-14\10.75_ HMA_error_log.txt
2026-02-20 08:47:00,153 [INFO] [upload_results_batch] RUN ENDED: 2026-02-20 08:47:00
2026-02-20 08:47:00,160 [INFO] [upload_results_batch] ============================================================
